// Jest Snapshot v1, https://goo.gl/fbAQLP

exports[`converts correctly 1`] = `
"resource \\"datadog_monitor\\" \\"monitor_1\\" {
name = \\"CPU is high on {{host.name}}\\"
type = \\"metric alert\\"
query = \\"avg(last_4h):anomalies(avg:system.cpu.user{*}, 'basic', 2, direction='both', alert_window='last_15m', interval=60, count_default_zero='true') >= 1\\"
message = <<EOF
Some other info..

{{#is_alert}}Possible explanations are x, y or z. Check blah, blah blah.{{/is_alert}} 

{{#is_warning}}CPU is at an acceptable level again{{/is_warning}} 

@all 
EOF
tags = [\\"team-cpu\\"]
escalation_message = \\"\\"
evaluation_delay = 70
groupby_simple_monitor = true
include_tags = true
locked = true
new_host_delay = 300
no_data_timeframe = 10
notify_audit = false
notify_no_data = true
renotify_interval = 0
new_group_delay = 60
evaluation_delay = 70
escalation_message = \\"\\"
no_data_timeframe = 10
include_tags = true
on_missing_data = \\"default\\"
require_full_window = true
monitor_threshold_windows {
recovery_window = \\"last_15m\\"
trigger_window = \\"last_15m\\"
}
>>>>>>> 61-datadog-2021-07-16
monitor_thresholds {
critical = 1
critical_recovery = 0
}
monitor_threshold_windows {
trigger_window = \\"last_15m\\"
recovery_window = \\"last_15m\\"
}
renotify_statuses = [\\"alert\\"]
timeout_h = 0
priority = 2
restricted_roles = [\\"5b647eb8-de36-11ed-aacf-da7ad0900002\\"]
}"
`;
